// Jest Snapshot v1, https://goo.gl/fbAQLP

exports[`should render EditExpensePage Correctly 1`] = `undefined`;
