// Jest Snapshot v1, https://goo.gl/fbAQLP

exports[`should render ExpenseListItem with expense 1`] = `
<div>
  <Link
    to="/edit/1"
  >
    <p>
      Gum
    </p>
  </Link>
  <h3>
    195
     - 
    0
  </h3>
</div>
`;
