// Jest Snapshot v1, https://goo.gl/fbAQLP

exports[`should render ExpenseList with expenses 1`] = `
<div>
  <Connect(ExpenseListItem)
    amount={195}
    createdAt={0}
    description="Gum"
    id="1"
    key="1"
    note=""
  />
  <Connect(ExpenseListItem)
    amount={29500}
    createdAt={-345600000}
    description="Rent"
    id="2"
    key="2"
    note=""
  />
  <Connect(ExpenseListItem)
    amount={200000}
    createdAt={345600000}
    description="Credit Card"
    id="3"
    key="3"
    note=""
  />
  <Connect(ExpenseListFilters) />
</div>
`;

exports[`shpould render expense List with empty array 1`] = `
<div>
  <p>
    No Expenses
  </p>
  <Connect(ExpenseListFilters) />
</div>
`;
